[+     0.0s] ======================== 呼吸实验开工 ========================
[+     0.0s] 参数：{'s1_max': 15, 's2_cycles': 5, 'steps': 120, 'slice': 80, 's2_feed': 50, 'save_every': 4}  墙钟预算 40 分钟
[+     0.0s] 生产资产指纹（开工）：probe.txt sha256=48dd1459e7ce2184…  memory_cold.jsonl sha256=5888c632421828a7…
[+     2.1s] 读档 dolphin\fed_state.pt …（1.38GB，约半分钟）
[+     7.5s] 读档完成（5.4s）：cycle=14 醒脑=A 阈值=2.04 记忆库=500 冷层=0 探测块=242 状态机=NORMAL 平台期=0 锚=5.3563
[+     7.5s] [阶段1] 平台期诱导：cmath 前 80 条 → 可用 77 条（8308 字节），两半轮流喂（每周期 39 条 ≈ 4154 字节）
[+     7.5s] [阶段1] 睡眠债守卫自检：_since_sleep=39 → 债 2.60 < 4.0（不误伤手术）  反刍语义：重复内容不打负分（L7 跨周期重复合法）
[+    12.5s] [铁证|阶段1起点] 醒脑A=57,097,728  睡脑B=57,097,728  两半球合计=114,195,456  |  d_model=768 n_layers=8  |  状态机=NORMAL 平台期=0（阶梯 0/3）  |  醒脑探测=5.3563 历史锚=5.3563
[睡眠 14] 选拔 226 / 滞留 184  体检 5.3563 → 5.3314  lr=5.01e-05  ✓ 换班
[+    72.4s] [呼吸 S1周期1] 喂入=39条呼吸切片 状态=NORMAL 平台期=0(阶梯0/3) 参数 A=57,097,728 B=57,097,728 Σ=114,195,456 d_model=768 探测=5.3314 通过 margin=+0.0249(ε=0.001128) → 换班
[+    72.4s]     选拔=226 做梦=5 lr=5.0141464266101915e-05 阈值=1.84 记忆库=500 冷层=865 手术LR窗口=0
[+    72.4s]     M4事件: m4_redo={"recycled": {"b0.attn_out": [695], "b0.mlp_hidden": [280, 2575, 882, 967, 2269, 2196], "b1.attn_out": [118], "b1.mlp_hi…  m4_anchor_new=5.3314
[睡眠 15] 选拔 27 / 滞留 16  体检 5.3314 → 5.2802  lr=5.05e-05  ✓ 换班
[+   103.0s] [呼吸 S1周期2] 喂入=39条呼吸切片 状态=NORMAL 平台期=0(阶梯0/3) 参数 A=57,097,728 B=57,097,728 Σ=114,195,456 d_model=768 探测=5.2802 通过 margin=+0.0512(ε=0.00142) → 换班
[+   103.0s]     选拔=27 做梦=5 lr=5.051905520082756e-05 阈值=1.65 记忆库=500 冷层=874 手术LR窗口=0
[+   103.0s]     M4事件: m4_redo={"recycled": {"b0.attn_out": [248], "b0.mlp_hidden": [538, 1520, 967, 2460], "b1.attn_out": [730], "b1.mlp_hidden": [233…  m4_anchor_new=5.2802
[睡眠 16] 选拔 26 / 滞留 18  体检 5.2802 → 5.2361  lr=5.13e-05  ✓ 换班
[+   134.7s] [呼吸 S1周期3] 喂入=39条呼吸切片 状态=NORMAL 平台期=0(阶梯0/3) 参数 A=57,097,728 B=57,097,728 Σ=114,195,456 d_model=768 探测=5.2361 通过 margin=+0.0441(ε=0.001216) → 换班
[+   134.7s]     选拔=26 做梦=5 lr=5.128531668571392e-05 阈值=1.49 记忆库=500 冷层=885 手术LR窗口=0
[+   134.7s]     M4事件: m4_redo={"recycled": {"b0.attn_out": [89, 52], "b0.mlp_hidden": [1048, 2866, 2356, 538, 1606, 1667], "b1.attn_out": [297], "b1.m…  m4_anchor_new=5.2361
[睡眠 17] 选拔 26 / 滞留 17  体检 5.2361 → 5.1903  lr=5.22e-05  ✓ 换班
[+   166.5s] [呼吸 S1周期4] 喂入=39条呼吸切片 状态=NORMAL 平台期=0(阶梯0/3) 参数 A=57,097,728 B=57,097,728 Σ=114,195,456 d_model=768 探测=5.1903 通过 margin=+0.0458(ε=0.001311) → 换班
[+   166.5s]     选拔=26 做梦=5 lr=5.218069870654205e-05 阈值=1.34 记忆库=500 冷层=901 手术LR窗口=0
[+   166.5s]     M4事件: m4_redo={"recycled": {"b0.attn_out": [690], "b0.mlp_hidden": [280, 1979, 1150], "b1.attn_out": [508], "b1.mlp_hidden": [2891, 28…  m4_anchor_new=5.1903
[睡眠 18] 选拔 26 / 滞留 18  体检 5.1903 → 5.1353  lr=5.28e-05  ✓ 换班
[+   198.1s] [呼吸 S1周期5] 喂入=39条呼吸切片 状态=NORMAL 平台期=0(阶梯0/3) 参数 A=57,097,728 B=57,097,728 Σ=114,195,456 d_model=768 探测=5.1353 通过 margin=+0.0550(ε=0.00141) → 换班
[+   198.1s]     选拔=26 做梦=5 lr=5.2798425807747106e-05 阈值=1.21 记忆库=500 冷层=907 手术LR窗口=0
[+   198.1s]     M4事件: m4_redo={"recycled": {"b0.attn_out": [638], "b0.mlp_hidden": [1202, 690, 162, 1150], "b1.attn_out": [730], "b1.mlp_hidden": [281…  m4_anchor_new=5.1353
[睡眠 19] 选拔 26 / 滞留 17  体检 5.1353 → 5.0988  lr=5.40e-05  ✓ 换班
[+   229.2s] [呼吸 S1周期6] 喂入=39条呼吸切片 状态=NORMAL 平台期=0(阶梯0/3) 参数 A=57,097,728 B=57,097,728 Σ=114,195,456 d_model=768 探测=5.0988 通过 margin=+0.0365(ε=0.001184) → 换班
[+   229.2s]     选拔=26 做梦=5 lr=5.40274414920373e-05 阈值=1.09 记忆库=500 冷层=911 手术LR窗口=0
[+   229.2s]     M4事件: m4_redo={"recycled": {"b0.attn_out": [650], "b0.mlp_hidden": [2915, 2096, 863, 162, 765], "b1.attn_out": [650], "b1.mlp_hidden":…  m4_anchor_new=5.0988
[睡眠 20] 选拔 26 / 滞留 18  体检 5.0988 → 5.063  lr=5.44e-05  ✓ 换班
[+   261.2s] [呼吸 S1周期7] 喂入=39条呼吸切片 状态=NORMAL 平台期=0(阶梯0/3) 参数 A=57,097,728 B=57,097,728 Σ=114,195,456 d_model=768 探测=5.063 通过 margin=+0.0358(ε=0.001307) → 换班
[+   261.2s]     选拔=26 做梦=5 lr=5.444133458304777e-05 阈值=1.00 记忆库=500 冷层=913 手术LR窗口=0
[+   261.2s]     M4事件: m4_redo={"recycled": {"b0.attn_out": [650], "b0.mlp_hidden": [1782, 1844, 1369, 644, 1763], "b1.attn_out": [193], "b1.mlp_hidden…  m4_anchor_new=5.063
[睡眠 21] 选拔 29 / 滞留 19  体检 5.063 → 5.0216  lr=5.46e-05  ✓ 换班
[+   292.2s] [呼吸 S1周期8] 喂入=39条呼吸切片 状态=NORMAL 平台期=0(阶梯0/3) 参数 A=57,097,728 B=57,097,728 Σ=114,195,456 d_model=768 探测=5.0216 通过 margin=+0.0414(ε=0.001281) → 换班
[+   292.2s]     选拔=29 做梦=5 lr=5.457798294442139e-05 阈值=1.00 记忆库=500 冷层=918 手术LR窗口=0
[+   292.2s]     M4事件: m4_redo={"recycled": {"b0.attn_out": [695], "b0.mlp_hidden": [2196, 2575, 690, 428, 1160], "b1.attn_out": [118], "b1.mlp_hidden"…  m4_anchor_new=5.0216
[睡眠 22] 选拔 25 / 滞留 19  体检 5.0216 → 4.9816  lr=5.61e-05  ✓ 换班
[+   322.9s] [呼吸 S1周期9] 喂入=39条呼吸切片 状态=NORMAL 平台期=0(阶梯0/3) 参数 A=57,097,728 B=57,097,728 Σ=114,195,456 d_model=768 探测=4.9816 通过 margin=+0.0401(ε=0.001226) → 换班
[+   322.9s]     选拔=25 做梦=5 lr=5.608145209409303e-05 阈值=1.00 记忆库=500 冷层=921 手术LR窗口=0
[+   322.9s]     M4事件: m4_redo={"recycled": {"b0.attn_out": [519], "b0.mlp_hidden": [3022, 921, 765, 2096, 2056, 428], "b1.attn_out": [494], "b1.mlp_hi…  m4_anchor_new=4.9816
[睡眠 23] 选拔 26 / 滞留 17  体检 4.9816 → 4.9407  lr=5.73e-05  ✓ 换班
[+   355.4s] [呼吸 S1周期10] 喂入=39条呼吸切片 状态=NORMAL 平台期=0(阶梯0/3) 参数 A=57,097,728 B=57,097,728 Σ=114,195,456 d_model=768 探测=4.9407 通过 margin=+0.0408(ε=0.001163) → 换班
[+   355.4s]     选拔=26 做梦=5 lr=5.73365828536311e-05 阈值=1.00 记忆库=500 冷层=923 手术LR窗口=0
[+   355.4s]     M4事件: m4_redo={"recycled": {"b0.attn_out": [689], "b0.mlp_hidden": [1844, 1606, 594, 1667, 743, 1078], "b1.attn_out": [693], "b1.mlp_h…  m4_anchor_new=4.9407
[睡眠 24] 选拔 28 / 滞留 21  体检 4.9407 → 4.9022  lr=5.63e-05  ✓ 换班
[+   386.3s] [呼吸 S1周期11] 喂入=39条呼吸切片 状态=NORMAL 平台期=0(阶梯0/3) 参数 A=57,097,728 B=57,097,728 Σ=114,195,456 d_model=768 探测=4.9022 通过 margin=+0.0385(ε=0.001557) → 换班
[+   386.3s]     选拔=28 做梦=5 lr=5.633859660842336e-05 阈值=1.00 记忆库=500 冷层=925 手术LR窗口=0
[+   386.3s]     M4事件: m4_redo={"recycled": {"b0.attn_out": [354], "b0.mlp_hidden": [1160, 594, 3018, 2159, 2346, 1464], "b1.attn_out": [693], "b1.mlp_…  m4_anchor_new=4.9022
[睡眠 25] 选拔 28 / 滞留 18  体检 4.9022 → 4.8653  lr=5.81e-05  ✓ 换班
[+   420.5s] [呼吸 S1周期12] 喂入=39条呼吸切片 状态=NORMAL 平台期=0(阶梯0/3) 参数 A=57,097,728 B=57,097,728 Σ=114,195,456 d_model=768 探测=4.8653 通过 margin=+0.0369(ε=0.001152) → 换班
[+   420.5s]     选拔=28 做梦=5 lr=5.806935602633393e-05 阈值=1.00 记忆库=500 冷层=930 手术LR窗口=0
[+   420.5s]     M4事件: m4_redo={"recycled": {"b0.attn_out": [638], "b0.mlp_hidden": [1520, 57, 1009, 1659, 2346, 749], "b1.attn_out": [193], "b1.mlp_hi…  m4_anchor_new=4.8653
[睡眠 26] 选拔 25 / 滞留 19  体检 4.8653 → 4.8285  lr=5.95e-05  ✓ 换班
[+   451.2s] [呼吸 S1周期13] 喂入=39条呼吸切片 状态=NORMAL 平台期=0(阶梯0/3) 参数 A=57,097,728 B=57,097,728 Σ=114,195,456 d_model=768 探测=4.8285 通过 margin=+0.0368(ε=0.001248) → 换班
[+   451.2s]     选拔=25 做梦=5 lr=5.953504733464752e-05 阈值=1.00 记忆库=500 冷层=933 手术LR窗口=0
[+   451.2s]     M4事件: m4_redo={"recycled": {"b0.attn_out": [499], "b0.mlp_hidden": [1048, 280, 1659, 2285, 1474, 2907], "b1.attn_out": [426], "b1.mlp_…  m4_anchor_new=4.8285
[睡眠 27] 选拔 27 / 滞留 18  体检 4.8285 → 4.7926  lr=5.95e-05  ✓ 换班
[+   483.5s] [呼吸 S1周期14] 喂入=39条呼吸切片 状态=NORMAL 平台期=0(阶梯0/3) 参数 A=57,097,728 B=57,097,728 Σ=114,195,456 d_model=768 探测=4.7926 通过 margin=+0.0359(ε=0.001498) → 换班
[+   483.5s]     选拔=27 做梦=5 lr=5.951103945653322e-05 阈值=1.00 记忆库=500 冷层=935 手术LR窗口=0
[+   483.5s]     M4事件: m4_redo={"recycled": {"b0.attn_out": [519], "b0.mlp_hidden": [2010, 2593, 2907, 2073, 2877, 2268], "b1.attn_out": [369], "b1.mlp…  m4_anchor_new=4.7926
