[+     0.0s] ======================== 呼吸实验开工 ========================
[+     0.0s] 参数：{'s1_max': 24, 's2_cycles': 5, 'steps': 120, 's1_steps': 1, 's2_steps': 24, 'slice': 80, 's2_feed': 50, 'save_every': 6}  墙钟预算 40 分钟
[+     0.0s] 生产资产指纹（开工）：probe.txt sha256=48dd1459e7ce2184…  memory_cold.jsonl sha256=ee3746aebe2b73fa…
[+     2.0s] 读档 dolphin\fed_state.pt …（1.38GB，约半分钟）
[+     7.3s] 读档完成（5.3s）：cycle=38 醒脑=A 阈值=1.00 记忆库=500 冷层=0 探测块=242 状态机=NORMAL 平台期=0 锚=4.7067
[+     7.3s] 随档喂食游标（G3）：{'sources': ['cmath'], 'source_idx': 1, 'record_idx': 0}  —— 阶段2将以本地游标从 gsm8k record_idx=0 起喂（不写随档游标）
[+     7.6s] [阶段1] 平台期诱导：cmath 前 80 条 → 可用 77 条（8308 字节），两半轮流喂（每周期 39 条 ≈ 4154 字节）
[+     7.6s] [阶段1] 睡眠债守卫自检：_since_sleep=39 → 债 2.60 < 4.0（不误伤手术）  反刍语义：重复内容不打负分（L7 跨周期重复合法）
[+    12.6s] [铁证|阶段1起点] 醒脑A=57,097,728  睡脑B=57,097,728  两半球合计=114,195,456  |  d_model=768 n_layers=8  |  状态机=NORMAL 平台期=0（阶梯 0/3）  |  醒脑探测=4.7067 历史锚=4.7067
[睡眠 38] 选拔 25 / 滞留 19  体检 4.7067 → 4.711  lr=5.26e-05  ✗ 作废回滚
[+    25.4s] [呼吸 S1周期1] 喂入=39条呼吸切片 状态=NORMAL 平台期=1(阶梯0/3) 参数 A=57,097,728 B=57,097,728 Σ=114,195,456 d_model=768 探测=4.711 否决 margin=-0.0043(ε=0.001496) → 回滚/未换
[+    25.4s]     选拔=25 做梦=5 lr=5.257711031426047e-05 阈值=1.00 记忆库=500 冷层=962 手术LR窗口=0
[+    25.4s]     M4事件: m4_redo={"recycled": {"b0.attn_out": [519], "b0.mlp_hidden": [1202, 1587, 1872, 2216, 550, 1946], "b1.attn_out": [494], "b1.mlp_…
[+    25.4s]     观测[实验专用]: 睡脑B 休眠占比=0.0280（确认休眠 1206/43008；凋零门槛 decay≥0.10 born≥0.25）
[睡眠 39] 选拔 23 / 滞留 22  体检 4.7067 → 4.6665  lr=5.91e-05  ✓ 换班
[+    39.9s] [呼吸 S1周期2] 喂入=39条呼吸切片 状态=NORMAL 平台期=0(阶梯0/3) 参数 A=57,097,728 B=57,097,728 Σ=114,195,456 d_model=768 探测=4.6665 通过 margin=+0.0402(ε=0.000768) → 换班
[+    39.9s]     选拔=23 做梦=5 lr=5.912237471400841e-05 阈值=1.00 记忆库=500 冷层=964 手术LR窗口=0
[+    39.9s]     M4事件: m4_redo={"recycled": {"b0.attn_out": [143], "b0.mlp_hidden": [418, 541, 404], "b1.attn_out": [168], "b1.mlp_hidden": [1927, 2268…  m4_anchor_new=4.6665
[+    39.9s]     观测[实验专用]: 睡脑A 休眠占比=0.0322（确认休眠 1386/43008；凋零门槛 decay≥0.10 born≥0.25）
[睡眠 40] 选拔 24 / 滞留 20  体检 4.6665 → 4.7009  lr=5.32e-05  ✗ 作废回滚
[+    52.6s] [呼吸 S1周期3] 喂入=39条呼吸切片 状态=NORMAL 平台期=1(阶梯0/3) 参数 A=57,097,728 B=57,097,728 Σ=114,195,456 d_model=768 探测=4.7009 否决 margin=-0.0344(ε=0.000775) → 回滚/未换
[+    52.6s]     选拔=24 做梦=5 lr=5.321013724260757e-05 阈值=1.00 记忆库=500 冷层=965 手术LR窗口=0
[+    52.6s]     M4事件: m4_redo={"recycled": {"b0.attn_out": [227], "b0.mlp_hidden": [538, 259, 2073, 1554], "b1.attn_out": [726], "b1.mlp_hidden": [153…
[+    52.6s]     观测[实验专用]: 睡脑A 休眠占比=0.0245（确认休眠 1055/43008；凋零门槛 decay≥0.10 born≥0.25）
[睡眠 41] 选拔 22 / 滞留 24  体检 4.6665 → 4.6413  lr=5.89e-05  ✓ 换班
[+    66.8s] [呼吸 S1周期4] 喂入=39条呼吸切片 状态=NORMAL 平台期=0(阶梯0/3) 参数 A=57,097,728 B=57,097,728 Σ=114,195,456 d_model=768 探测=4.6413 通过 margin=+0.0252(ε=0.000602) → 换班
[+    66.8s]     选拔=22 做梦=5 lr=5.893426372094901e-05 阈值=1.00 记忆库=500 冷层=967 手术LR窗口=0
[+    66.8s]     M4事件: m4_redo={"recycled": {"b0.attn_out": [644], "b0.mlp_hidden": [418, 2246], "b1.attn_out": [426], "b1.mlp_hidden": [1131, 1529, 92…  m4_anchor_new=4.6413
[+    66.8s]     观测[实验专用]: 睡脑B 休眠占比=0.0239（确认休眠 1026/43008；凋零门槛 decay≥0.10 born≥0.25）
[睡眠 42] 选拔 24 / 滞留 22  体检 4.6413 → 4.6029  lr=5.94e-05  ✓ 换班
[+    81.9s] [呼吸 S1周期5] 喂入=39条呼吸切片 状态=NORMAL 平台期=0(阶梯0/3) 参数 A=57,097,728 B=57,097,728 Σ=114,195,456 d_model=768 探测=4.6029 通过 margin=+0.0384(ε=0.000871) → 换班
[+    81.9s]     选拔=24 做梦=5 lr=5.937792460502227e-05 阈值=1.00 记忆库=500 冷层=970 手术LR窗口=0
[+    81.9s]     M4事件: m4_redo={"recycled": {"b0.attn_out": [654], "b0.mlp_hidden": [361, 2907], "b1.attn_out": [27], "b1.mlp_hidden": [646, 2954, 1325…  m4_anchor_new=4.6029
[+    82.0s]     观测[实验专用]: 睡脑A 休眠占比=0.0246（确认休眠 1060/43008；凋零门槛 decay≥0.10 born≥0.25）
[睡眠 43] 选拔 24 / 滞留 21  体检 4.6029 → 4.5937  lr=6.04e-05  ✓ 换班
[+    99.2s] [呼吸 S1周期6] 喂入=39条呼吸切片 状态=NORMAL 平台期=0(阶梯0/3) 参数 A=57,097,728 B=57,097,728 Σ=114,195,456 d_model=768 探测=4.5937 通过 margin=+0.0092(ε=0.00091) → 换班
[+    99.2s]     选拔=24 做梦=5 lr=6.044760904641997e-05 阈值=1.00 记忆库=500 冷层=974 手术LR窗口=0
[+    99.2s]     M4事件: m4_redo={"recycled": {"b0.attn_out": [654], "b0.mlp_hidden": [1341, 1309], "b1.attn_out": [153], "b1.mlp_hidden": [725, 1507, 46…  m4_anchor_new=4.5937
[+    99.2s]     观测[实验专用]: 睡脑B 休眠占比=0.0230（确认休眠 990/43008；凋零门槛 decay≥0.10 born≥0.25）
[+   132.0s] [存档] → dolphin\fed_state.pt（32.7s）
[睡眠 44] 选拔 25 / 滞留 20  体检 4.5937 → 4.5377  lr=6.05e-05  ✓ 换班
[+   146.7s] [呼吸 S1周期7] 喂入=39条呼吸切片 状态=NORMAL 平台期=0(阶梯0/3) 参数 A=57,097,728 B=57,097,728 Σ=114,195,456 d_model=768 探测=4.5377 通过 margin=+0.0560(ε=0.001425) → 换班
[+   146.7s]     选拔=25 做梦=5 lr=6.048805069027137e-05 阈值=1.00 记忆库=500 冷层=977 手术LR窗口=0
[+   146.7s]     M4事件: m4_redo={"recycled": {"b0.attn_out": [25], "b0.mlp_hidden": [2690, 3039], "b1.attn_out": [159], "b1.mlp_hidden": [240, 2426], "b…  m4_anchor_new=4.5377
[+   146.7s]     观测[实验专用]: 睡脑A 休眠占比=0.0202（确认休眠 870/43008；凋零门槛 decay≥0.10 born≥0.25）
[睡眠 45] 选拔 26 / 滞留 20  体检 4.5377 → 4.5256  lr=6.09e-05  ✓ 换班
[+   161.9s] [呼吸 S1周期8] 喂入=39条呼吸切片 状态=NORMAL 平台期=0(阶梯0/3) 参数 A=57,097,728 B=57,097,728 Σ=114,195,456 d_model=768 探测=4.5256 通过 margin=+0.0121(ε=0.001675) → 换班
[+   161.9s]     选拔=26 做梦=5 lr=6.088873475204768e-05 阈值=1.00 记忆库=500 冷层=981 手术LR窗口=0
[+   161.9s]     M4事件: m4_redo={"recycled": {"b0.attn_out": [348], "b0.mlp_hidden": [1926, 2866], "b1.attn_out": [95], "b1.mlp_hidden": [889, 1451], "b…  m4_anchor_new=4.5256
[+   161.9s]     观测[实验专用]: 睡脑B 休眠占比=0.0222（确认休眠 955/43008；凋零门槛 decay≥0.10 born≥0.25）
[睡眠 46] 选拔 26 / 滞留 18  体检 4.5256 → 4.4717  lr=6.21e-05  ✓ 换班
[+   176.4s] [呼吸 S1周期9] 喂入=39条呼吸切片 状态=NORMAL 平台期=0(阶梯0/3) 参数 A=57,097,728 B=57,097,728 Σ=114,195,456 d_model=768 探测=4.4717 通过 margin=+0.0540(ε=0.002124) → 换班
[+   176.4s]     选拔=26 做梦=5 lr=6.205226549512874e-05 阈值=1.00 记忆库=500 冷层=983 手术LR窗口=0
[+   176.4s]     M4事件: m4_redo={"recycled": {"b0.attn_out": [332], "b0.mlp_hidden": [2823, 706], "b1.attn_out": [567], "b1.mlp_hidden": [1033, 2832], "…  m4_anchor_new=4.4717
[+   176.4s]     观测[实验专用]: 睡脑A 休眠占比=0.0197（确认休眠 846/43008；凋零门槛 decay≥0.10 born≥0.25）
[睡眠 47] 选拔 27 / 滞留 18  体检 4.4717 → 4.4474  lr=6.25e-05  ✓ 换班
[+   191.4s] [呼吸 S1周期10] 喂入=39条呼吸切片 状态=NORMAL 平台期=0(阶梯0/3) 参数 A=57,097,728 B=57,097,728 Σ=114,195,456 d_model=768 探测=4.4474 通过 margin=+0.0243(ε=0.002357) → 换班
[+   191.4s]     选拔=27 做梦=5 lr=6.246367507590867e-05 阈值=1.00 记忆库=500 冷层=987 手术LR窗口=0
[+   191.4s]     M4事件: m4_redo={"recycled": {"b0.attn_out": [25], "b0.mlp_hidden": [1009, 1474], "b1.attn_out": [519], "b1.mlp_hidden": [1557, 473], "b…  m4_anchor_new=4.4474
[+   191.4s]     观测[实验专用]: 睡脑B 休眠占比=0.0246（确认休眠 1057/43008；凋零门槛 decay≥0.10 born≥0.25）
[睡眠 48] 选拔 27 / 滞留 19  体检 4.4474 → 4.4035  lr=6.21e-05  ✓ 换班
[+   206.8s] [呼吸 S1周期11] 喂入=39条呼吸切片 状态=NORMAL 平台期=0(阶梯0/3) 参数 A=57,097,728 B=57,097,728 Σ=114,195,456 d_model=768 探测=4.4035 通过 margin=+0.0439(ε=0.002673) → 换班
[+   206.8s]     选拔=27 做梦=5 lr=6.210812607601701e-05 阈值=1.00 记忆库=500 冷层=991 手术LR窗口=0
[+   206.8s]     M4事件: m4_redo={"recycled": {"b0.attn_out": [609], "b0.mlp_hidden": [2841, 2186], "b1.attn_out": [751], "b1.mlp_hidden": [889, 2266, 14…  m4_anchor_new=4.4035
[+   206.8s]     观测[实验专用]: 睡脑A 休眠占比=0.0302（确认休眠 1297/43008；凋零门槛 decay≥0.10 born≥0.25）
[睡眠 49] 选拔 27 / 滞留 19  体检 4.4035 → 4.3843  lr=6.30e-05  ✓ 换班
[+   281.4s] [呼吸 S1周期12] 喂入=39条呼吸切片 状态=NORMAL 平台期=0(阶梯0/3) 参数 A=57,097,728 B=57,097,728 Σ=114,195,456 d_model=768 探测=4.3843 通过 margin=+0.0191(ε=0.002762) → 换班
[+   281.4s]     选拔=27 做梦=5 lr=6.296908971430375e-05 阈值=1.00 记忆库=500 冷层=996 手术LR窗口=0
[+   281.4s]     M4事件: m4_redo={"recycled": {"b0.attn_out": [46], "b0.mlp_hidden": [1095, 2205, 2970], "b1.attn_out": [310], "b1.mlp_hidden": [768, 944…  m4_anchor_new=4.3843
[+   281.4s]     观测[实验专用]: 睡脑B 休眠占比=0.0271（确认休眠 1167/43008；凋零门槛 decay≥0.10 born≥0.25）
[+   291.8s] [存档] → dolphin\fed_state.pt（10.4s）
[睡眠 50] 选拔 26 / 滞留 18  体检 4.3843 → 4.3711  lr=6.45e-05  ✓ 换班
[+   306.3s] [呼吸 S1周期13] 喂入=39条呼吸切片 状态=NORMAL 平台期=0(阶梯0/3) 参数 A=57,097,728 B=57,097,728 Σ=114,195,456 d_model=768 探测=4.3711 通过 margin=+0.0133(ε=0.002419) → 换班
[+   306.3s]     选拔=26 做梦=5 lr=6.448874782475065e-05 阈值=1.00 记忆库=500 冷层=998 手术LR窗口=0
[+   306.3s]     M4事件: m4_redo={"recycled": {"b0.attn_out": [145], "b0.mlp_hidden": [690, 1239, 1341, 3018], "b1.attn_out": [511], "b1.mlp_hidden": [11…  m4_anchor_new=4.3711
[+   306.3s]     观测[实验专用]: 睡脑A 休眠占比=0.0304（确认休眠 1309/43008；凋零门槛 decay≥0.10 born≥0.25）
[睡眠 51] 选拔 27 / 滞留 18  体检 4.3711 → 4.3991  lr=5.80e-05  ✗ 作废回滚
[+   319.0s] [呼吸 S1周期14] 喂入=39条呼吸切片 状态=NORMAL 平台期=1(阶梯0/3) 参数 A=57,097,728 B=57,097,728 Σ=114,195,456 d_model=768 探测=4.3991 否决 margin=-0.0280(ε=0.004481) → 回滚/未换
[+   319.0s]     选拔=27 做梦=5 lr=5.803987304227558e-05 阈值=1.00 记忆库=500 冷层=999 手术LR窗口=0
[+   319.0s]     M4事件: m4_redo={"recycled": {"b0.attn_out": [368], "b0.mlp_hidden": [1202, 1033, 1719], "b1.attn_out": [283], "b1.mlp_hidden": [1682, 2…
[+   319.0s]     观测[实验专用]: 睡脑A 休眠占比=0.0293（确认休眠 1260/43008；凋零门槛 decay≥0.10 born≥0.25）
[睡眠 52] 选拔 24 / 滞留 20  体检 4.3711 → 4.3675  lr=5.22e-05  ✗ 作废回滚
[+   331.6s] [呼吸 S1周期15] 喂入=39条呼吸切片 状态=NORMAL 平台期=2(阶梯0/3) 参数 A=57,097,728 B=57,097,728 Σ=114,195,456 d_model=768 探测=4.3675 否决 margin=+0.0036(ε=0.004185) → 回滚/未换
[+   331.6s]     选拔=24 做梦=5 lr=5.223588573804803e-05 阈值=1.00 记忆库=500 冷层=999 手术LR窗口=0
[+   331.6s]     M4事件: m4_redo={"recycled": {"b0.attn_out": [328], "b0.mlp_hidden": [1726, 2638, 256], "b1.attn_out": [338], "b1.mlp_hidden": [737, 195…
[+   331.6s]     观测[实验专用]: 睡脑A 休眠占比=0.0244（确认休眠 1050/43008；凋零门槛 decay≥0.10 born≥0.25）
[睡眠 53] 选拔 22 / 滞留 24  体检 4.3711 → 4.3537  lr=6.31e-05  ✓ 换班
[+   345.9s] [呼吸 S1周期16] 喂入=39条呼吸切片 状态=NORMAL 平台期=0(阶梯0/3) 参数 A=57,097,728 B=57,097,728 Σ=114,195,456 d_model=768 探测=4.3537 通过 margin=+0.0174(ε=0.003692) → 换班
[+   345.9s]     选拔=22 做梦=5 lr=6.307535887084301e-05 阈值=1.00 记忆库=500 冷层=1002 手术LR窗口=0
[+   345.9s]     M4事件: m4_redo={"recycled": {"b0.attn_out": [75], "b0.mlp_hidden": [2010, 1929], "b1.attn_out": [598], "b1.mlp_hidden": [502, 1083, 187…  m4_anchor_new=4.3537
[+   345.9s]     观测[实验专用]: 睡脑B 休眠占比=0.0257（确认休眠 1107/43008；凋零门槛 decay≥0.10 born≥0.25）
[睡眠 54] 选拔 23 / 滞留 23  体检 4.3537 → 4.426  lr=5.68e-05  ✗ 作废回滚
[+   358.6s] [呼吸 S1周期17] 喂入=39条呼吸切片 状态=NORMAL 平台期=1(阶梯0/3) 参数 A=57,097,728 B=57,097,728 Σ=114,195,456 d_model=768 探测=4.426 否决 margin=-0.0723(ε=0.002334) → 回滚/未换
[+   358.6s]     选拔=23 做梦=5 lr=5.676782298375871e-05 阈值=1.00 记忆库=500 冷层=1002 手术LR窗口=0
[+   358.6s]     M4事件: m4_redo={"recycled": {"b0.attn_out": [261], "b0.mlp_hidden": [908, 1929], "b1.attn_out": [491], "b1.mlp_hidden": [2829, 944, 133…
[+   358.6s]     观测[实验专用]: 睡脑B 休眠占比=0.0239（确认休眠 1029/43008；凋零门槛 decay≥0.10 born≥0.25）
[睡眠 55] 选拔 21 / 滞留 24  体检 4.3537 → 4.3899  lr=5.11e-05  ✗ 作废回滚
[+   371.3s] [呼吸 S1周期18] 喂入=39条呼吸切片 状态=NORMAL 平台期=2(阶梯0/3) 参数 A=57,097,728 B=57,097,728 Σ=114,195,456 d_model=768 探测=4.3899 否决 margin=-0.0363(ε=0.004074) → 回滚/未换
[+   371.3s]     选拔=21 做梦=5 lr=5.109104068538284e-05 阈值=1.00 记忆库=500 冷层=1003 手术LR窗口=0
[+   371.3s]     M4事件: m4_redo={"recycled": {"b0.attn_out": [665], "b0.mlp_hidden": [256, 2638], "b1.attn_out": [111], "b1.mlp_hidden": [768, 502, 2214…
[+   371.3s]     观测[实验专用]: 睡脑B 休眠占比=0.0316（确认休眠 1360/43008；凋零门槛 decay≥0.10 born≥0.25）
[+   428.4s] [存档] → dolphin\fed_state.pt（57.1s）
[睡眠 56] 选拔 18 / 滞留 27  体检 4.3537 → 4.3385  lr=6.32e-05  ✓ 换班
[+   442.2s] [呼吸 S1周期19] 喂入=39条呼吸切片 状态=NORMAL 平台期=0(阶梯0/3) 参数 A=57,097,728 B=57,097,728 Σ=114,195,456 d_model=768 探测=4.3385 通过 margin=+0.0152(ε=0.002501) → 换班
[+   442.2s]     选拔=18 做梦=5 lr=6.321885964937228e-05 阈值=1.00 记忆库=500 冷层=1006 手术LR窗口=0
[+   442.2s]     M4事件: m4_redo={"recycled": {"b0.attn_out": [215], "b0.mlp_hidden": [2073, 1975, 2119], "b1.attn_out": [4], "b1.mlp_hidden": [2620, 201…  m4_anchor_new=4.3385
[+   442.2s]     观测[实验专用]: 睡脑A 休眠占比=0.0178（确认休眠 765/43008；凋零门槛 decay≥0.10 born≥0.25）
[睡眠 57] 选拔 20 / 滞留 26  体检 4.3385 → 4.4156  lr=5.69e-05  ✗ 作废回滚
[+   454.9s] [呼吸 S1周期20] 喂入=39条呼吸切片 状态=NORMAL 平台期=1(阶梯0/3) 参数 A=57,097,728 B=57,097,728 Σ=114,195,456 d_model=768 探测=4.4156 否决 margin=-0.0771(ε=0.004965) → 回滚/未换
[+   454.9s]     选拔=20 做梦=5 lr=5.689697368443505e-05 阈值=1.00 记忆库=500 冷层=1007 手术LR窗口=0
[+   454.9s]     M4事件: m4_redo={"recycled": {"b0.attn_out": [288], "b0.mlp_hidden": [2877], "b1.attn_out": [359], "b1.mlp_hidden": [2620, 2530, 454], "…
[+   454.9s]     观测[实验专用]: 睡脑A 休眠占比=0.0181（确认休眠 777/43008；凋零门槛 decay≥0.10 born≥0.25）
[睡眠 58] 选拔 17 / 滞留 27  体检 4.3385 → 4.3484  lr=5.12e-05  ✗ 作废回滚
[+   467.6s] [呼吸 S1周期21] 喂入=39条呼吸切片 状态=NORMAL 平台期=2(阶梯0/3) 参数 A=57,097,728 B=57,097,728 Σ=114,195,456 d_model=768 探测=4.3484 否决 margin=-0.0099(ε=0.004868) → 回滚/未换
[+   467.6s]     选拔=17 做梦=5 lr=5.120727631599155e-05 阈值=1.00 记忆库=500 冷层=1007 手术LR窗口=0
[+   467.6s]     M4事件: m4_redo={"recycled": {"b0.attn_out": [222], "b0.mlp_hidden": [1197, 2593], "b1.attn_out": [612], "b1.mlp_hidden": [2222, 1291, 2…
[+   467.6s]     观测[实验专用]: 睡脑A 休眠占比=0.0251（确认休眠 1081/43008；凋零门槛 decay≥0.10 born≥0.25）
[睡眠 59] 选拔 15 / 滞留 30  体检 4.3385 → 4.3093  lr=6.39e-05  ✓ 换班
[+   481.4s] [呼吸 S1周期22] 喂入=39条呼吸切片 状态=NORMAL 平台期=0(阶梯0/3) 参数 A=57,097,728 B=57,097,728 Σ=114,195,456 d_model=768 探测=4.3093 通过 margin=+0.0292(ε=0.003584) → 换班
[+   481.4s]     选拔=15 做梦=5 lr=6.392156175875013e-05 阈值=1.00 记忆库=500 冷层=1013 手术LR窗口=0
[+   481.4s]     M4事件: m4_redo={"recycled": {"b0.attn_out": [502], "b0.mlp_hidden": [247, 1442], "b1.attn_out": [491], "b1.mlp_hidden": [1740, 824, 233…  m4_anchor_new=4.3093
[+   481.4s]     观测[实验专用]: 睡脑B 休眠占比=0.0293（确认休眠 1259/43008；凋零门槛 decay≥0.10 born≥0.25）
[睡眠 60] 选拔 16 / 滞留 30  体检 4.3093 → 4.3437  lr=5.75e-05  ✗ 作废回滚
[+   494.0s] [呼吸 S1周期23] 喂入=39条呼吸切片 状态=NORMAL 平台期=1(阶梯0/3) 参数 A=57,097,728 B=57,097,728 Σ=114,195,456 d_model=768 探测=4.3437 否决 margin=-0.0345(ε=0.002498) → 回滚/未换
[+   494.0s]     选拔=16 做梦=5 lr=5.7529405582875117e-05 阈值=1.00 记忆库=500 冷层=1014 手术LR窗口=0
[+   494.0s]     M4事件: m4_redo={"recycled": {"b0.attn_out": [52], "b0.mlp_hidden": [1670, 2593, 1958], "b1.attn_out": [310], "b1.mlp_hidden": [454, 126…
[+   494.1s]     观测[实验专用]: 睡脑B 休眠占比=0.0230（确认休眠 989/43008；凋零门槛 decay≥0.10 born≥0.25）
[睡眠 61] 选拔 16 / 滞留 30  体检 4.3093 → 4.3351  lr=5.18e-05  ✗ 作废回滚
[+   506.8s] [呼吸 S1周期24] 喂入=39条呼吸切片 状态=NORMAL 平台期=2(阶梯0/3) 参数 A=57,097,728 B=57,097,728 Σ=114,195,456 d_model=768 探测=4.3351 否决 margin=-0.0258(ε=0.004249) → 回滚/未换
[+   506.8s]     选拔=16 做梦=5 lr=5.1776465024587604e-05 阈值=1.00 记忆库=500 冷层=1016 手术LR窗口=0
[+   506.8s]     M4事件: m4_redo={"recycled": {"b0.attn_out": [644], "b0.mlp_hidden": [1442, 259], "b1.attn_out": [194], "b1.mlp_hidden": [1810, 1291, 15…
[+   506.8s]     观测[实验专用]: 睡脑B 休眠占比=0.0226（确认休眠 973/43008；凋零门槛 decay≥0.10 born≥0.25）
[+   558.5s] [存档] → dolphin\fed_state.pt（51.6s）
[+   558.5s] [阶段1] 收兵（平台期=2 状态=NORMAL 计划待执行=False）
[+   615.9s] [存档] → dolphin\fed_state.pt（57.4s）
[+   620.6s] [铁证|阶段1终点] 醒脑A=57,097,728  睡脑B=57,097,728  两半球合计=114,195,456  |  d_model=768 n_layers=8  |  状态机=NORMAL 平台期=2（阶梯 0/3）  |  醒脑探测=4.3093 历史锚=4.3093
[+   620.6s] [阶段2] 换粮触发生长：gsm8k 全新记录（每周期 50 条，喂入后 _since_sleep=50 → 债 3.3）——正式喂食管线 feed_from 复用
[+   625.3s] [铁证|阶段2起点] 醒脑A=57,097,728  睡脑B=57,097,728  两半球合计=114,195,456  |  d_model=768 n_layers=8  |  状态机=NORMAL 平台期=2（阶梯 0/3）  |  醒脑探测=4.3093 历史锚=4.3093
[睡眠 62] 选拔 20 / 滞留 35  体检 4.3093 → 4.2956  lr=5.39e-05  ✓ 换班
[+   648.0s] [呼吸 S2周期1] 喂入=50条全新gsm8k 状态=NORMAL 平台期=0(阶梯0/3) 参数 A=57,097,728 B=57,097,728 Σ=114,195,456 d_model=768 探测=4.2956 通过 margin=+0.0136(ε=0.003694) → 换班
[+   648.0s]     选拔=20 做梦=5 lr=5.386694045572237e-05 阈值=1.00 记忆库=500 冷层=1054 手术LR窗口=0
[+   648.0s]     M4事件: m4_redo={"recycled": {"b0.attn_out": [364], "b0.mlp_hidden": [1309, 1146, 578], "b1.attn_out": [487], "b1.mlp_hidden": [1214, 22…  m4_anchor_new=4.2956
[+   648.0s]     观测[实验专用]: 睡脑A 休眠占比=0.0256（确认休眠 1101/43008；凋零门槛 decay≥0.10 born≥0.25）
[睡眠 63] 选拔 18 / 滞留 37  体检 4.2956 → 4.3013  lr=4.85e-05  ✗ 作废回滚
[+   668.0s] [呼吸 S2周期2] 喂入=50条全新gsm8k 状态=NORMAL 平台期=1(阶梯0/3) 参数 A=57,097,728 B=57,097,728 Σ=114,195,456 d_model=768 探测=4.3013 否决 margin=-0.0057(ε=0.002407) → 回滚/未换
[+   668.0s]     选拔=18 做梦=5 lr=4.8480246410150134e-05 阈值=1.00 记忆库=500 冷层=1091 手术LR窗口=0
[+   668.0s]     M4事件: m4_redo={"recycled": {"b0.attn_out": [100], "b0.mlp_hidden": [1790, 1384], "b1.attn_out": [537], "b1.mlp_hidden": [2905, 1263, 1…
[+   668.0s]     观测[实验专用]: 睡脑A 休眠占比=0.0220（确认休眠 948/43008；凋零门槛 decay≥0.10 born≥0.25）
[睡眠 64] 选拔 17 / 滞留 38  体检 4.2956 → 4.2979  lr=4.36e-05  ✗ 作废回滚
[+   687.5s] [呼吸 S2周期3] 喂入=50条全新gsm8k 状态=NORMAL 平台期=2(阶梯0/3) 参数 A=57,097,728 B=57,097,728 Σ=114,195,456 d_model=768 探测=4.2979 否决 margin=-0.0023(ε=0.001787) → 回滚/未换
[+   687.5s]     选拔=17 做梦=5 lr=4.3632221769135125e-05 阈值=1.00 记忆库=500 冷层=1129 手术LR窗口=0
[+   687.5s]     M4事件: m4_redo={"recycled": {"b0.attn_out": [526], "b0.mlp_hidden": [1146, 1875], "b1.attn_out": [378], "b1.mlp_hidden": [354, 1810, 23…
[+   687.5s]     观测[实验专用]: 睡脑A 休眠占比=0.0363（确认休眠 1560/43008；凋零门槛 decay≥0.10 born≥0.25）
[睡眠 65] 选拔 15 / 滞留 40  体检 4.2956 → 4.276  lr=5.23e-05  ✓ 换班
[+   709.0s] [呼吸 S2周期4] 喂入=50条全新gsm8k 状态=NORMAL 平台期=0(阶梯0/3) 参数 A=57,097,728 B=57,097,728 Σ=114,195,456 d_model=768 探测=4.276 通过 margin=+0.0196(ε=0.001412) → 换班
[+   709.0s]     选拔=15 做梦=5 lr=5.227611898888905e-05 阈值=1.00 记忆库=500 冷层=1172 手术LR窗口=0
[+   709.0s]     M4事件: m4_redo={"recycled": {"b0.attn_out": [122], "b0.mlp_hidden": [1167, 749, 2268, 2009, 275], "b1.attn_out": [111], "b1.mlp_hidden"…  m4_anchor_new=4.276
[+   709.0s]     观测[实验专用]: 睡脑B 休眠占比=0.0180（确认休眠 775/43008；凋零门槛 decay≥0.10 born≥0.25）
[睡眠 66] 选拔 16 / 滞留 40  体检 4.276 → 4.2738  lr=5.40e-05  ✓ 换班
[+   730.8s] [呼吸 S2周期5] 喂入=50条全新gsm8k 状态=NORMAL 平台期=1(阶梯0/3) 参数 A=57,097,728 B=57,097,728 Σ=114,195,456 d_model=768 探测=4.2738 通过 margin=+0.0022(ε=0.001489) → 换班
[+   730.8s]     选拔=16 做梦=5 lr=5.398334972936461e-05 阈值=1.00 记忆库=500 冷层=1215 手术LR窗口=0
[+   730.8s]     M4事件: m4_redo={"recycled": {"b0.attn_out": [642], "b0.mlp_hidden": [2693], "b1.attn_out": [726], "b1.mlp_hidden": [2752, 720], "b2.att…  m4_anchor_new=4.2738
[+   730.8s]     观测[实验专用]: 睡脑A 休眠占比=0.0412（确认休眠 1771/43008；凋零门槛 decay≥0.10 born≥0.25）
[+   730.8s] [阶段2] 收兵（全新喂入累计 250 条）
[+   785.6s] [存档] → dolphin\fed_state.pt（54.8s）
[+   790.3s] [铁证|实验终点] 醒脑B=57,097,728  睡脑A=57,097,728  两半球合计=114,195,456  |  d_model=768 n_layers=8  |  状态机=NORMAL 平台期=1（阶梯 0/3）  |  醒脑探测=4.2738 历史锚=4.2738
[+   790.3s] ========== 呼吸实验总结 ==========
[+   790.3s] 参数总量时间线（铁证口径 sum p.numel()，单位=参数个数）：
[+   790.3s]   阶段1起点        A=57,097,728 B=57,097,728 Σ=114,195,456  d_model=768 层数=8  状态=NORMAL 平台期=0  探测=4.7067
[+   790.3s]   S1周期1        A=57,097,728 B=57,097,728 Σ=114,195,456  d_model=768 层数=8  状态=NORMAL 平台期=1  探测=4.711 margin=-0.0043
[+   790.3s]   S1周期2        A=57,097,728 B=57,097,728 Σ=114,195,456  d_model=768 层数=8  状态=NORMAL 平台期=0  探测=4.6665 margin=+0.0402
[+   790.3s]   S1周期3        A=57,097,728 B=57,097,728 Σ=114,195,456  d_model=768 层数=8  状态=NORMAL 平台期=1  探测=4.7009 margin=-0.0344
[+   790.3s]   S1周期4        A=57,097,728 B=57,097,728 Σ=114,195,456  d_model=768 层数=8  状态=NORMAL 平台期=0  探测=4.6413 margin=+0.0252
[+   790.3s]   S1周期5        A=57,097,728 B=57,097,728 Σ=114,195,456  d_model=768 层数=8  状态=NORMAL 平台期=0  探测=4.6029 margin=+0.0384
[+   790.3s]   S1周期6        A=57,097,728 B=57,097,728 Σ=114,195,456  d_model=768 层数=8  状态=NORMAL 平台期=0  探测=4.5937 margin=+0.0092
[+   790.3s]   S1周期7        A=57,097,728 B=57,097,728 Σ=114,195,456  d_model=768 层数=8  状态=NORMAL 平台期=0  探测=4.5377 margin=+0.0560
[+   790.3s]   S1周期8        A=57,097,728 B=57,097,728 Σ=114,195,456  d_model=768 层数=8  状态=NORMAL 平台期=0  探测=4.5256 margin=+0.0121
[+   790.3s]   S1周期9        A=57,097,728 B=57,097,728 Σ=114,195,456  d_model=768 层数=8  状态=NORMAL 平台期=0  探测=4.4717 margin=+0.0540
[+   790.3s]   S1周期10       A=57,097,728 B=57,097,728 Σ=114,195,456  d_model=768 层数=8  状态=NORMAL 平台期=0  探测=4.4474 margin=+0.0243
[+   790.3s]   S1周期11       A=57,097,728 B=57,097,728 Σ=114,195,456  d_model=768 层数=8  状态=NORMAL 平台期=0  探测=4.4035 margin=+0.0439
[+   790.3s]   S1周期12       A=57,097,728 B=57,097,728 Σ=114,195,456  d_model=768 层数=8  状态=NORMAL 平台期=0  探测=4.3843 margin=+0.0191
[+   790.3s]   S1周期13       A=57,097,728 B=57,097,728 Σ=114,195,456  d_model=768 层数=8  状态=NORMAL 平台期=0  探测=4.3711 margin=+0.0133
[+   790.3s]   S1周期14       A=57,097,728 B=57,097,728 Σ=114,195,456  d_model=768 层数=8  状态=NORMAL 平台期=1  探测=4.3991 margin=-0.0280
[+   790.3s]   S1周期15       A=57,097,728 B=57,097,728 Σ=114,195,456  d_model=768 层数=8  状态=NORMAL 平台期=2  探测=4.3675 margin=+0.0036
[+   790.3s]   S1周期16       A=57,097,728 B=57,097,728 Σ=114,195,456  d_model=768 层数=8  状态=NORMAL 平台期=0  探测=4.3537 margin=+0.0174
[+   790.3s]   S1周期17       A=57,097,728 B=57,097,728 Σ=114,195,456  d_model=768 层数=8  状态=NORMAL 平台期=1  探测=4.426 margin=-0.0723
[+   790.3s]   S1周期18       A=57,097,728 B=57,097,728 Σ=114,195,456  d_model=768 层数=8  状态=NORMAL 平台期=2  探测=4.3899 margin=-0.0363
[+   790.3s]   S1周期19       A=57,097,728 B=57,097,728 Σ=114,195,456  d_model=768 层数=8  状态=NORMAL 平台期=0  探测=4.3385 margin=+0.0152
[+   790.3s]   S1周期20       A=57,097,728 B=57,097,728 Σ=114,195,456  d_model=768 层数=8  状态=NORMAL 平台期=1  探测=4.4156 margin=-0.0771
[+   790.3s]   S1周期21       A=57,097,728 B=57,097,728 Σ=114,195,456  d_model=768 层数=8  状态=NORMAL 平台期=2  探测=4.3484 margin=-0.0099
[+   790.3s]   S1周期22       A=57,097,728 B=57,097,728 Σ=114,195,456  d_model=768 层数=8  状态=NORMAL 平台期=0  探测=4.3093 margin=+0.0292
[+   790.3s]   S1周期23       A=57,097,728 B=57,097,728 Σ=114,195,456  d_model=768 层数=8  状态=NORMAL 平台期=1  探测=4.3437 margin=-0.0345
[+   790.3s]   S1周期24       A=57,097,728 B=57,097,728 Σ=114,195,456  d_model=768 层数=8  状态=NORMAL 平台期=2  探测=4.3351 margin=-0.0258
[+   790.3s]   阶段1终点        A=57,097,728 B=57,097,728 Σ=114,195,456  d_model=768 层数=8  状态=NORMAL 平台期=2  探测=4.3093
[+   790.3s]   阶段2起点        A=57,097,728 B=57,097,728 Σ=114,195,456  d_model=768 层数=8  状态=NORMAL 平台期=2  探测=4.3093
[+   790.3s]   S2周期1        A=57,097,728 B=57,097,728 Σ=114,195,456  d_model=768 层数=8  状态=NORMAL 平台期=0  探测=4.2956 margin=+0.0136
[+   790.3s]   S2周期2        A=57,097,728 B=57,097,728 Σ=114,195,456  d_model=768 层数=8  状态=NORMAL 平台期=1  探测=4.3013 margin=-0.0057
[+   790.3s]   S2周期3        A=57,097,728 B=57,097,728 Σ=114,195,456  d_model=768 层数=8  状态=NORMAL 平台期=2  探测=4.2979 margin=-0.0023
[+   790.3s]   S2周期4        A=57,097,728 B=57,097,728 Σ=114,195,456  d_model=768 层数=8  状态=NORMAL 平台期=0  探测=4.276 margin=+0.0196
[+   790.3s]   S2周期5        A=57,097,728 B=57,097,728 Σ=114,195,456  d_model=768 层数=8  状态=NORMAL 平台期=1  探测=4.2738 margin=+0.0022
[+   790.3s]   实验终点         A=57,097,728 B=57,097,728 Σ=114,195,456  d_model=768 层数=8  状态=NORMAL 平台期=1  探测=4.2738
[+   790.3s] 触发链事件流水：
[+   790.3s]   {"cycle": 38, "kind": "周期", "state": "NORMAL", "plateau": 1, "margin": -0.004288, "passed": false, "m4_keys": ["m4_redo"]}
[+   790.3s]   {"cycle": 39, "kind": "周期", "state": "NORMAL", "plateau": 0, "margin": 0.04016, "passed": true, "m4_keys": ["m4_anchor_new", "m4_redo"]}
[+   790.3s]   {"cycle": 40, "kind": "周期", "state": "NORMAL", "plateau": 1, "margin": -0.034357, "passed": false, "m4_keys": ["m4_redo"]}
[+   790.3s]   {"cycle": 41, "kind": "周期", "state": "NORMAL", "plateau": 0, "margin": 0.025223, "passed": true, "m4_keys": ["m4_anchor_new", "m4_redo"]}
[+   790.3s]   {"cycle": 42, "kind": "周期", "state": "NORMAL", "plateau": 0, "margin": 0.038412, "passed": true, "m4_keys": ["m4_anchor_new", "m4_redo"]}
[+   790.3s]   {"cycle": 43, "kind": "周期", "state": "NORMAL", "plateau": 0, "margin": 0.009155, "passed": true, "m4_keys": ["m4_anchor_new", "m4_redo"]}
[+   790.3s]   {"cycle": 44, "kind": "周期", "state": "NORMAL", "plateau": 0, "margin": 0.055995, "passed": true, "m4_keys": ["m4_anchor_new", "m4_redo"]}
[+   790.3s]   {"cycle": 45, "kind": "周期", "state": "NORMAL", "plateau": 0, "margin": 0.012098, "passed": true, "m4_keys": ["m4_anchor_new", "m4_redo"]}
[+   790.3s]   {"cycle": 46, "kind": "周期", "state": "NORMAL", "plateau": 0, "margin": 0.053972, "passed": true, "m4_keys": ["m4_anchor_new", "m4_redo"]}
[+   790.3s]   {"cycle": 47, "kind": "周期", "state": "NORMAL", "plateau": 0, "margin": 0.024256, "passed": true, "m4_keys": ["m4_anchor_new", "m4_redo"]}
[+   790.3s]   {"cycle": 48, "kind": "周期", "state": "NORMAL", "plateau": 0, "margin": 0.043933, "passed": true, "m4_keys": ["m4_anchor_new", "m4_redo"]}
[+   790.3s]   {"cycle": 49, "kind": "周期", "state": "NORMAL", "plateau": 0, "margin": 0.019131, "passed": true, "m4_keys": ["m4_anchor_new", "m4_redo"]}
[+   790.3s]   {"cycle": 50, "kind": "周期", "state": "NORMAL", "plateau": 0, "margin": 0.013254, "passed": true, "m4_keys": ["m4_anchor_new", "m4_redo"]}
[+   790.3s]   {"cycle": 51, "kind": "周期", "state": "NORMAL", "plateau": 1, "margin": -0.028024, "passed": false, "m4_keys": ["m4_redo"]}
[+   790.3s]   {"cycle": 52, "kind": "周期", "state": "NORMAL", "plateau": 2, "margin": 0.003555, "passed": false, "m4_keys": ["m4_redo"]}
[+   790.3s]   {"cycle": 53, "kind": "周期", "state": "NORMAL", "plateau": 0, "margin": 0.017402, "passed": true, "m4_keys": ["m4_anchor_new", "m4_redo"]}
[+   790.3s]   {"cycle": 54, "kind": "周期", "state": "NORMAL", "plateau": 1, "margin": -0.072277, "passed": false, "m4_keys": ["m4_redo"]}
[+   790.3s]   {"cycle": 55, "kind": "周期", "state": "NORMAL", "plateau": 2, "margin": -0.036258, "passed": false, "m4_keys": ["m4_redo"]}
[+   790.3s]   {"cycle": 56, "kind": "周期", "state": "NORMAL", "plateau": 0, "margin": 0.015165, "passed": true, "m4_keys": ["m4_anchor_new", "m4_redo"]}
[+   790.3s]   {"cycle": 57, "kind": "周期", "state": "NORMAL", "plateau": 1, "margin": -0.077139, "passed": false, "m4_keys": ["m4_redo"]}
[+   790.3s]   {"cycle": 58, "kind": "周期", "state": "NORMAL", "plateau": 2, "margin": -0.009905, "passed": false, "m4_keys": ["m4_redo"]}
[+   790.3s]   {"cycle": 59, "kind": "周期", "state": "NORMAL", "plateau": 0, "margin": 0.029231, "passed": true, "m4_keys": ["m4_anchor_new", "m4_redo"]}
[+   790.3s]   {"cycle": 60, "kind": "周期", "state": "NORMAL", "plateau": 1, "margin": -0.03446, "passed": false, "m4_keys": ["m4_redo"]}
[+   790.3s]   {"cycle": 61, "kind": "周期", "state": "NORMAL", "plateau": 2, "margin": -0.025773, "passed": false, "m4_keys": ["m4_redo"]}
[+   790.3s]   {"cycle": 62, "kind": "周期", "state": "NORMAL", "plateau": 0, "margin": 0.013635, "passed": true, "m4_keys": ["m4_anchor_new", "m4_redo"]}
[+   790.3s]   {"cycle": 63, "kind": "周期", "state": "NORMAL", "plateau": 1, "margin": -0.005699, "passed": false, "m4_keys": ["m4_redo"]}
[+   790.3s]   {"cycle": 64, "kind": "周期", "state": "NORMAL", "plateau": 2, "margin": -0.0023, "passed": false, "m4_keys": ["m4_redo"]}
[+   790.3s]   {"cycle": 65, "kind": "周期", "state": "NORMAL", "plateau": 0, "margin": 0.019617, "passed": true, "m4_keys": ["m4_anchor_new", "m4_redo"]}
[+   790.3s]   {"cycle": 66, "kind": "周期", "state": "NORMAL", "plateau": 1, "margin": 0.002223, "passed": true, "m4_keys": ["m4_anchor_new", "m4_redo"]}
[+   790.3s] 最终状态：醒脑=B 状态机=NORMAL 平台期=1 锚=4.2738 cycle=67
[+   790.3s] 最终参数：A=57,097,728 B=57,097,728 Σ=114,195,456
[+   790.4s] 生产资产指纹（收工）：probe.txt sha256=48dd1459e7ce2184…  memory_cold.jsonl sha256=88de7efb1f6c1e42…
