[+   1.828s][出生] 随机初始化（B 路线不用胎教基座）  身体 small  设备 cuda  探测集 48 块
[+   1.828s][训练线程] 上线待命（steps=30）
[+   2.031s][训练线程] 开始睡眠 cycle=0 压力 5.56/4.00 缓冲 2405B  触发=压力
[+   2.312s][部署] 已喂 20 条（当前源 logiqa）  缓冲 11064B  压力 5.57
[+   2.672s][部署] 已喂 40 条（当前源 logiqa）  缓冲 24837B  压力 5.56
[+   3.016s][部署] 已喂 60 条（当前源 logiqa）  缓冲 39266B  压力 5.57
[+   3.375s][部署] 已喂 80 条（当前源 logiqa）  缓冲 53042B  压力 5.57
[+   3.719s][部署] 已喂 100 条 → 通知训练线程可以睡了
[+   4.078s][部署] 已喂 120 条（当前源 logiqa）  缓冲 80280B  压力 5.56
[+   4.422s][部署] 已喂 140 条（当前源 logiqa）  缓冲 96200B  压力 5.57
[+   4.781s][部署] 已喂 160 条（当前源 logiqa）  缓冲 109271B  压力 5.57
[+   5.141s][部署] 已喂 180 条（当前源 logiqa）  缓冲 125584B  压力 5.57
[+   5.500s][部署] 已喂 200 条 → 通知训练线程可以睡了
[+   5.859s][部署] 已喂 220 条（当前源 logiqa）  缓冲 154034B  压力 5.56
[+   6.203s][部署] 已喂 240 条（当前源 logiqa）  缓冲 166102B  压力 5.56
[+   6.578s][部署] 已喂 260 条（当前源 logiqa）  缓冲 181500B  压力 5.57
[+   6.937s][部署] 已喂 280 条（当前源 logiqa）  缓冲 197008B  压力 5.57
[+   7.297s][部署] 已喂 300 条 → 通知训练线程可以睡了
[+   7.766s][部署] 已喂 320 条（当前源 logiqa）  缓冲 223643B  压力 5.57
[+   8.375s][部署] 已喂 340 条（当前源 logiqa）  缓冲 239111B  压力 5.57
[+   8.594s][训练线程] 睡眠报告 {'cycle': 0, 'candidates': 4, 'selected': 2, 'residue': 2, 'probe_old': 5.5644, 'probe_new': 5.5152, 'passed': True, 'ce_last': 5.4615, 'kd_last': 0.0579, 'swapped': True, 'lr': 5.002952609631298e-05}
[+   8.594s][训练线程] 开始睡眠 cycle=1 压力 5.56/3.60 缓冲 245960B  触发=通知
[+   8.859s][部署] 已喂 360 条（当前源 logiqa）  缓冲 9999B  压力 5.52
[+   9.219s][部署] 已喂 380 条（当前源 logiqa）  缓冲 24245B  压力 5.52
[+   9.578s][部署] 已喂 400 条 → 通知训练线程可以睡了
[+  12.875s][训练线程] 睡眠报告 {'cycle': 1, 'candidates': 343, 'selected': 154, 'residue': 189, 'probe_old': 5.5152, 'probe_new': 5.4801, 'passed': True, 'ce_last': 5.4689, 'kd_last': 0.0338, 'swapped': True, 'lr': 5.000545417333582e-05}
[+  12.875s][训练线程] 下线
[+  12.906s][存档] 收工存档 → dolphin\fed_state.pt

== 查房总结 ==
退出原因：数据尽/limit
总喂入 400 条（碎片跳过 0 条）
  logiqa        400 条
  cmath         0 条
睡眠 2 次：换班 2 次 / 作废回滚 0 次  周期 2
训练线程占墙钟比：10.844s / 11.047s = 98.2%（部署线程其余时间全程在线）
最终探测集损失（醒脑 A）：5.4801
记忆库 198 条  缓冲滞留 53 条  传输预算 0.496
当前醒脑：半球 A
