[+    0.0s] ==================== 呼吸实验·只读诊断开工 ====================
[+    0.0s] 生产资产指纹（开工）：probe.txt=48dd1459e7ce2184…  memory_cold.jsonl=88de7efb1f6c1e42…
[+    4.3s] 读档完成：cycle=67 醒脑=B 状态机=NORMAL 平台期=1
[+    4.3s] [铁证|诊断起点] A=57,097,728 B=57,097,728 Σ=114,195,456  d_model=768
[+   13.8s] 探测损失：醒脑A=4.2760  睡脑B=4.2738  代际差=-0.0022（睡脑落后=换班后追赶项的来源）
[+   13.8s] —— ① ghost 增益实测（纯测量，权重零改动）——
[+   13.9s] 重复数据流（cmath 呼吸切片口径）=4096B  全新数据流（gsm8k 前 10 条）=4096B
[+   14.9s]   [重复(cmath切片)] 最佳增益 0层/attn_v = 0.000068 （门槛 GHOST_GAIN_MIN=0.0001）→ <1e-4 → 本会看休眠占比（<0.10 → 不动刀）  耗时1.0s
[+   14.9s]     前三：[('b0.attn_v', 6.8e-05), ('b1.attn_v', 2.9e-05), ('b7.attn_v', 2.3e-05)]
[+   15.8s]   [全新(gsm8k)] 最佳增益 0层/attn_v = 0.000106 （门槛 GHOST_GAIN_MIN=0.0001）→ ≥1e-4 → 本会排 GROW_PLAN  耗时0.9s
[+   15.8s]     前三：[('b0.attn_v', 0.000106), ('b7.attn_v', 2.4e-05), ('b5.attn_v', 2.1e-05)]
[+   15.8s] —— ② ReDo 每周期扰动定量（5 次抽样，投掷实例，绝不存档）——
[+   20.7s]   睡脑A 基线探测=4.2760
[+   25.5s]   抽样1：回收 61 单元（16 个site）  Δprobe=+0.0002  损伤  |Δ|≤EPS
[+   30.4s]   抽样2：回收 61 单元（16 个site）  Δprobe=+0.0002  损伤  |Δ|≤EPS
[+   35.2s]   抽样3：回收 61 单元（16 个site）  Δprobe=+0.0002  损伤  |Δ|≤EPS
[+   40.1s]   抽样4：回收 61 单元（16 个site）  Δprobe=+0.0002  损伤  |Δ|≤EPS
[+   44.9s]   抽样5：回收 61 单元（16 个site）  Δprobe=+0.0002  损伤  |Δ|≤EPS
[+   44.9s]   Δprobe 分布：min=+0.0002 max=+0.0002 均值=+0.0002  全部|Δ|>0.005的比例=0/5
[+   44.9s]   对照：休眠占比=0.0412  （凋零门槛 decay≥0.1 born≥0.25）
[+   44.9s] ========== 诊断总结 ==========
[+   44.9s] 参数总量（诊断终点）：A=57,097,728 B=57,097,728 Σ=114,195,456（与起点一致=纯测量未动身体）
[+   44.9s] 生产资产指纹（收工）：probe.txt=48dd1459e7ce2184…  memory_cold.jsonl=88de7efb1f6c1e42…
