[+     0.0s] ======================== 呼吸实验开工 ========================
[+     0.0s] 参数：{'s1_max': 24, 's2_cycles': 5, 'steps': 12, 'slice': 80, 's2_feed': 50, 'save_every': 4}  墙钟预算 40 分钟
[+     0.0s] 生产资产指纹（开工）：probe.txt sha256=48dd1459e7ce2184…  memory_cold.jsonl sha256=17d3862119f87aed…
[+     2.8s] 读档 dolphin\fed_state.pt …（1.38GB，约半分钟）
[+     8.2s] 读档完成（5.4s）：cycle=14 醒脑=A 阈值=2.04 记忆库=500 冷层=0 探测块=242 状态机=NORMAL 平台期=0 锚=5.3563
[+     8.2s] 随档喂食游标（G3）：{'sources': ['cmath'], 'source_idx': 1, 'record_idx': 0}  —— 阶段2将以本地游标从 gsm8k record_idx=0 起喂（不写随档游标）
[+     8.2s] [阶段1] 平台期诱导：cmath 前 80 条 → 可用 77 条（8308 字节），两半轮流喂（每周期 39 条 ≈ 4154 字节）
[+     8.2s] [阶段1] 睡眠债守卫自检：_since_sleep=39 → 债 2.60 < 4.0（不误伤手术）  反刍语义：重复内容不打负分（L7 跨周期重复合法）
[+    13.6s] [铁证|阶段1起点] 醒脑A=57,097,728  睡脑B=57,097,728  两半球合计=114,195,456  |  d_model=768 n_layers=8  |  状态机=NORMAL 平台期=0（阶梯 0/3）  |  醒脑探测=5.3563 历史锚=5.3563
[睡眠 14] 选拔 226 / 滞留 184  体检 5.3563 → 5.3562  lr=4.52e-05  ✗ 作废回滚
[+    28.6s] [呼吸 S1周期1] 喂入=39条呼吸切片 状态=NORMAL 平台期=1(阶梯0/3) 参数 A=57,097,728 B=57,097,728 Σ=114,195,456 d_model=768 探测=5.3562 否决 margin=+0.0001(ε=0.000777) → 回滚/未换
[+    28.6s]     选拔=226 做梦=5 lr=4.516417798941788e-05 阈值=1.84 记忆库=500 冷层=936 手术LR窗口=0
[+    28.6s]     M4事件: m4_redo={"recycled": {"b0.attn_out": [695], "b0.mlp_hidden": [280, 2575, 882, 967, 2269, 2196], "b1.attn_out": [118], "b1.mlp_hi…
[+    28.6s]     观测[实验专用]: 睡脑B 休眠占比=0.0346（确认休眠 1489/43008；凋零门槛 decay≥0.10 born≥0.25）
[睡眠 15] 选拔 24 / 滞留 19  体检 5.3563 → 5.3106  lr=5.08e-05  ✓ 换班
[+    44.5s] [呼吸 S1周期2] 喂入=39条呼吸切片 状态=NORMAL 平台期=0(阶梯0/3) 参数 A=57,097,728 B=57,097,728 Σ=114,195,456 d_model=768 探测=5.3106 通过 margin=+0.0458(ε=0.001189) → 换班
[+    44.5s]     选拔=24 做梦=5 lr=5.079730897761952e-05 阈值=1.65 记忆库=500 冷层=936 手术LR窗口=0
[+    44.5s]     M4事件: m4_redo={"recycled": {"b0.attn_out": [360], "b0.mlp_hidden": [1486, 2866, 908, 2356, 1239], "b1.attn_out": [586], "b1.mlp_hidden…  m4_anchor_new=5.3106
[+    44.5s]     观测[实验专用]: 睡脑A 休眠占比=0.0296（确认休眠 1272/43008；凋零门槛 decay≥0.10 born≥0.25）
[睡眠 16] 选拔 25 / 滞留 19  体检 5.3106 → 5.2829  lr=5.10e-05  ✓ 换班
[+    60.9s] [呼吸 S1周期3] 喂入=39条呼吸切片 状态=NORMAL 平台期=0(阶梯0/3) 参数 A=57,097,728 B=57,097,728 Σ=114,195,456 d_model=768 探测=5.2829 通过 margin=+0.0277(ε=0.000874) → 换班
[+    60.9s]     选拔=25 做梦=5 lr=5.0987775703423754e-05 阈值=1.49 记忆库=500 冷层=936 手术LR窗口=0
[+    60.9s]     M4事件: m4_redo={"recycled": {"b0.attn_out": [248], "b0.mlp_hidden": [538, 1520, 967, 2460], "b1.attn_out": [730], "b1.mlp_hidden": [233…  m4_anchor_new=5.2829
[+    60.9s]     观测[实验专用]: 睡脑B 休眠占比=0.0220（确认休眠 948/43008；凋零门槛 decay≥0.10 born≥0.25）
[睡眠 17] 选拔 27 / 滞留 16  体检 5.2829 → 5.2676  lr=5.17e-05  ✓ 换班
[+    77.1s] [呼吸 S1周期4] 喂入=39条呼吸切片 状态=NORMAL 平台期=0(阶梯0/3) 参数 A=57,097,728 B=57,097,728 Σ=114,195,456 d_model=768 探测=5.2676 通过 margin=+0.0153(ε=0.001556) → 换班
[+    77.1s]     选拔=27 做梦=5 lr=5.168743407144817e-05 阈值=1.34 记忆库=500 冷层=936 手术LR窗口=0
[+    77.1s]     M4事件: m4_redo={"recycled": {"b0.attn_out": [36], "b0.mlp_hidden": [1979, 1150, 1980], "b1.attn_out": [730], "b1.mlp_hidden": [2943, 28…  m4_anchor_new=5.2676
[+    77.1s]     观测[实验专用]: 睡脑A 休眠占比=0.0268（确认休眠 1152/43008；凋零门槛 decay≥0.10 born≥0.25）
[+   187.5s] [存档] → dolphin\fed_state.pt（110.4s）
[睡眠 18] 选拔 26 / 滞留 18  体检 5.2676 → 5.2282  lr=5.14e-05  ✓ 换班
[+   203.5s] [呼吸 S1周期5] 喂入=39条呼吸切片 状态=NORMAL 平台期=0(阶梯0/3) 参数 A=57,097,728 B=57,097,728 Σ=114,195,456 d_model=768 探测=5.2282 通过 margin=+0.0394(ε=0.00111) → 换班
[+   203.5s]     选拔=26 做梦=5 lr=5.1435049102645864e-05 阈值=1.21 记忆库=500 冷层=936 手术LR窗口=0
[+   203.5s]     M4事件: m4_redo={"recycled": {"b0.attn_out": [650], "b0.mlp_hidden": [1979, 2915], "b1.attn_out": [118], "b1.mlp_hidden": [1988, 2324, 2…  m4_anchor_new=5.2282
[+   203.5s]     观测[实验专用]: 睡脑B 休眠占比=0.0304（确认休眠 1306/43008；凋零门槛 decay≥0.10 born≥0.25）
[睡眠 19] 选拔 26 / 滞留 17  体检 5.2282 → 5.1956  lr=5.22e-05  ✓ 换班
[+   219.7s] [呼吸 S1周期6] 喂入=39条呼吸切片 状态=NORMAL 平台期=0(阶梯0/3) 参数 A=57,097,728 B=57,097,728 Σ=114,195,456 d_model=768 探测=5.1956 通过 margin=+0.0326(ε=0.001221) → 换班
[+   219.7s]     选拔=26 做梦=5 lr=5.221673836196593e-05 阈值=1.09 记忆库=500 冷层=936 手术LR窗口=0
[+   219.7s]     M4事件: m4_redo={"recycled": {"b0.attn_out": [561], "b0.mlp_hidden": [1667, 765, 2096, 2813], "b1.attn_out": [193], "b1.mlp_hidden": [13…  m4_anchor_new=5.1956
[+   219.7s]     观测[实验专用]: 睡脑A 休眠占比=0.0277（确认休眠 1191/43008；凋零门槛 decay≥0.10 born≥0.25）
[睡眠 20] 选拔 29 / 滞留 20  体检 5.1956 → 5.1649  lr=5.18e-05  ✓ 换班
[+   236.0s] [呼吸 S1周期7] 喂入=39条呼吸切片 状态=NORMAL 平台期=0(阶梯0/3) 参数 A=57,097,728 B=57,097,728 Σ=114,195,456 d_model=768 探测=5.1649 通过 margin=+0.0307(ε=0.001162) → 换班
[+   236.0s]     选拔=29 做梦=5 lr=5.184157793003992e-05 阈值=1.00 记忆库=500 冷层=936 手术LR窗口=0
[+   236.0s]     M4事件: m4_redo={"recycled": {"b0.attn_out": [36], "b0.mlp_hidden": [1667, 1150, 2519, 594], "b1.attn_out": [155], "b1.mlp_hidden": [295…  m4_anchor_new=5.1649
[+   236.0s]     观测[实验专用]: 睡脑B 休眠占比=0.0310（确认休眠 1332/43008；凋零门槛 decay≥0.10 born≥0.25）
[睡眠 21] 选拔 28 / 滞留 18  体检 5.1649 → 5.1282  lr=5.27e-05  ✓ 换班
[+   252.3s] [呼吸 S1周期8] 喂入=39条呼吸切片 状态=NORMAL 平台期=0(阶梯0/3) 参数 A=57,097,728 B=57,097,728 Σ=114,195,456 d_model=768 探测=5.1282 通过 margin=+0.0367(ε=0.000985) → 换班
[+   252.3s]     选拔=28 做梦=5 lr=5.2685304833712656e-05 阈值=1.00 记忆库=500 冷层=936 手术LR窗口=0
[+   252.3s]     M4事件: m4_redo={"recycled": {"b0.attn_out": [499], "b0.mlp_hidden": [863, 232, 2915, 28], "b1.attn_out": [508], "b1.mlp_hidden": [2288,…  m4_anchor_new=5.1282
[+   252.3s]     观测[实验专用]: 睡脑A 休眠占比=0.0299（确认休眠 1286/43008；凋零门槛 decay≥0.10 born≥0.25）
[+   308.9s] [存档] → dolphin\fed_state.pt（56.6s）
[睡眠 22] 选拔 26 / 滞留 18  体检 5.1282 → 5.087  lr=5.33e-05  ✓ 换班
[+   324.8s] [呼吸 S1周期9] 喂入=39条呼吸切片 状态=NORMAL 平台期=0(阶梯0/3) 参数 A=57,097,728 B=57,097,728 Σ=114,195,456 d_model=768 探测=5.087 通过 margin=+0.0412(ε=0.001234) → 换班
[+   324.8s]     选拔=26 做梦=5 lr=5.331334594225694e-05 阈值=1.00 记忆库=500 冷层=936 手术LR窗口=0
[+   324.8s]     M4事件: m4_redo={"recycled": {"b0.attn_out": [690], "b0.mlp_hidden": [863, 57, 2550, 1260, 2269], "b1.attn_out": [650], "b1.mlp_hidden":…  m4_anchor_new=5.087
[+   324.8s]     观测[实验专用]: 睡脑B 休眠占比=0.0318（确认休眠 1367/43008；凋零门槛 decay≥0.10 born≥0.25）
[睡眠 23] 选拔 27 / 滞留 18  体检 5.087 → 5.0602  lr=5.39e-05  ✓ 换班
[+   341.0s] [呼吸 S1周期10] 喂入=39条呼吸切片 状态=NORMAL 平台期=0(阶梯0/3) 参数 A=57,097,728 B=57,097,728 Σ=114,195,456 d_model=768 探测=5.0602 通过 margin=+0.0268(ε=0.000949) → 换班
[+   341.0s]     选拔=27 做梦=5 lr=5.386857909648994e-05 阈值=1.00 记忆库=500 冷层=936 手术LR窗口=0
[+   341.0s]     M4事件: m4_redo={"recycled": {"b0.attn_out": [248], "b0.mlp_hidden": [538, 57, 1095, 594], "b1.attn_out": [369], "b1.mlp_hidden": [2771,…  m4_anchor_new=5.0602
[+   341.0s]     观测[实验专用]: 睡脑A 休眠占比=0.0314（确认休眠 1351/43008；凋零门槛 decay≥0.10 born≥0.25）
[睡眠 24] 选拔 27 / 滞留 19  体检 5.0602 → 5.0229  lr=5.40e-05  ✓ 换班
[+   357.3s] [呼吸 S1周期11] 喂入=39条呼吸切片 状态=NORMAL 平台期=0(阶梯0/3) 参数 A=57,097,728 B=57,097,728 Σ=114,195,456 d_model=768 探测=5.0229 通过 margin=+0.0373(ε=0.001273) → 换班
[+   357.3s]     选拔=27 做梦=5 lr=5.3960004416941176e-05 阈值=1.00 记忆库=500 冷层=936 手术LR窗口=0
[+   357.3s]     M4事件: m4_redo={"recycled": {"b0.attn_out": [638], "b0.mlp_hidden": [162, 1844, 167, 765], "b1.attn_out": [49], "b1.mlp_hidden": [2771,…  m4_anchor_new=5.0229
[+   357.3s]     观测[实验专用]: 睡脑B 休眠占比=0.0326（确认休眠 1402/43008；凋零门槛 decay≥0.10 born≥0.25）
[睡眠 25] 选拔 27 / 滞留 19  体检 5.0229 → 4.9974  lr=5.46e-05  ✓ 换班
[+   373.6s] [呼吸 S1周期12] 喂入=39条呼吸切片 状态=NORMAL 平台期=0(阶梯0/3) 参数 A=57,097,728 B=57,097,728 Σ=114,195,456 d_model=768 探测=4.9974 通过 margin=+0.0255(ε=0.00137) → 换班
[+   373.6s]     选拔=27 做梦=5 lr=5.461404702175994e-05 阈值=1.00 记忆库=500 冷层=937 手术LR窗口=0
[+   373.6s]     M4事件: m4_redo={"recycled": {"b0.attn_out": [162], "b0.mlp_hidden": [2519, 2460, 2057, 162], "b1.attn_out": [49], "b1.mlp_hidden": [279…  m4_anchor_new=4.9974
[+   373.6s]     观测[实验专用]: 睡脑A 休眠占比=0.0354（确认休眠 1521/43008；凋零门槛 decay≥0.10 born≥0.25）
[+   430.0s] [存档] → dolphin\fed_state.pt（56.4s）
[睡眠 26] 选拔 26 / 滞留 18  体检 4.9974 → 4.9722  lr=5.53e-05  ✓ 换班
[+   446.0s] [呼吸 S1周期13] 喂入=39条呼吸切片 状态=NORMAL 平台期=0(阶梯0/3) 参数 A=57,097,728 B=57,097,728 Σ=114,195,456 d_model=768 探测=4.9722 通过 margin=+0.0251(ε=0.001581) → 换班
[+   446.0s]     选拔=26 做梦=5 lr=5.525367213290149e-05 阈值=1.00 记忆库=500 冷层=937 手术LR窗口=0
[+   446.0s]     M4事件: m4_redo={"recycled": {"b0.attn_out": [695], "b0.mlp_hidden": [1539, 2196, 908, 517, 2693], "b1.attn_out": [351], "b1.mlp_hidden"…  m4_anchor_new=4.9722
[+   446.0s]     观测[实验专用]: 睡脑B 休眠占比=0.0313（确认休眠 1347/43008；凋零门槛 decay≥0.10 born≥0.25）
[睡眠 27] 选拔 27 / 滞留 18  体检 4.9722 → 4.9504  lr=5.57e-05  ✓ 换班
[+   462.2s] [呼吸 S1周期14] 喂入=39条呼吸切片 状态=NORMAL 平台期=0(阶梯0/3) 参数 A=57,097,728 B=57,097,728 Σ=114,195,456 d_model=768 探测=4.9504 通过 margin=+0.0218(ε=0.001328) → 换班
[+   462.2s]     选拔=27 做梦=5 lr=5.569115930117563e-05 阈值=1.00 记忆库=500 冷层=937 手术LR窗口=0
[+   462.2s]     M4事件: m4_redo={"recycled": {"b0.attn_out": [690], "b0.mlp_hidden": [2326, 2056, 247, 1260], "b1.attn_out": [650], "b1.mlp_hidden": [25…  m4_anchor_new=4.9504
[+   462.2s]     观测[实验专用]: 睡脑A 休眠占比=0.0326（确认休眠 1400/43008；凋零门槛 decay≥0.10 born≥0.25）
[睡眠 28] 选拔 26 / 滞留 18  体检 4.9504 → 4.9257  lr=5.61e-05  ✓ 换班
[+   478.4s] [呼吸 S1周期15] 喂入=39条呼吸切片 状态=NORMAL 平台期=0(阶梯0/3) 参数 A=57,097,728 B=57,097,728 Σ=114,195,456 d_model=768 探测=4.9257 通过 margin=+0.0247(ε=0.001162) → 换班
[+   478.4s]     选拔=26 做梦=5 lr=5.613703792881728e-05 阈值=1.00 记忆库=500 冷层=941 手术LR窗口=0
[+   478.4s]     M4事件: m4_redo={"recycled": {"b0.attn_out": [145], "b0.mlp_hidden": [1878, 2907, 563, 1574, 971], "b1.attn_out": [586], "b1.mlp_hidden"…  m4_anchor_new=4.9257
[+   478.4s]     观测[实验专用]: 睡脑B 休眠占比=0.0348（确认休眠 1496/43008；凋零门槛 decay≥0.10 born≥0.25）
[睡眠 29] 选拔 27 / 滞留 19  体检 4.9257 → 4.9149  lr=5.61e-05  ✓ 换班
[+   494.9s] [呼吸 S1周期16] 喂入=39条呼吸切片 状态=NORMAL 平台期=0(阶梯0/3) 参数 A=57,097,728 B=57,097,728 Σ=114,195,456 d_model=768 探测=4.9149 通过 margin=+0.0108(ε=0.001336) → 换班
[+   494.9s]     选拔=27 做梦=5 lr=5.6123927465461925e-05 阈值=1.00 记忆库=500 冷层=943 手术LR窗口=0
[+   494.9s]     M4事件: m4_redo={"recycled": {"b0.attn_out": [650], "b0.mlp_hidden": [399, 644, 2268, 2433], "b1.attn_out": [412], "b1.mlp_hidden": [167…  m4_anchor_new=4.9149
[+   494.9s]     观测[实验专用]: 睡脑A 休眠占比=0.0353（确认休眠 1517/43008；凋零门槛 decay≥0.10 born≥0.25）
[+   550.3s] [存档] → dolphin\fed_state.pt（55.4s）
[睡眠 30] 选拔 28 / 滞留 18  体检 4.9149 → 4.8943  lr=5.63e-05  ✓ 换班
[+   566.5s] [呼吸 S1周期17] 喂入=39条呼吸切片 状态=NORMAL 平台期=0(阶梯0/3) 参数 A=57,097,728 B=57,097,728 Σ=114,195,456 d_model=768 探测=4.8943 通过 margin=+0.0206(ε=0.00112) → 换班
[+   566.5s]     选拔=28 做梦=5 lr=5.626286045417031e-05 阈值=1.00 记忆库=500 冷层=945 手术LR窗口=0
[+   566.5s]     M4事件: m4_redo={"recycled": {"b0.attn_out": [519], "b0.mlp_hidden": [1486, 1659, 644, 218, 232], "b1.attn_out": [511], "b1.mlp_hidden":…  m4_anchor_new=4.8943
[+   566.5s]     观测[实验专用]: 睡脑B 休眠占比=0.0326（确认休眠 1403/43008；凋零门槛 decay≥0.10 born≥0.25）
[睡眠 31] 选拔 27 / 滞留 18  体检 4.8943 → 4.8583  lr=5.71e-05  ✓ 换班
[+   582.7s] [呼吸 S1周期18] 喂入=39条呼吸切片 状态=NORMAL 平台期=0(阶梯0/3) 参数 A=57,097,728 B=57,097,728 Σ=114,195,456 d_model=768 探测=4.8583 通过 margin=+0.0360(ε=0.00096) → 换班
[+   582.7s]     选拔=27 做梦=5 lr=5.7115870358896985e-05 阈值=1.00 记忆库=500 冷层=949 手术LR窗口=0
[+   582.7s]     M4事件: m4_redo={"recycled": {"b0.attn_out": [638], "b0.mlp_hidden": [1606, 1539, 1338, 2010, 1099], "b1.attn_out": [739], "b1.mlp_hidde…  m4_anchor_new=4.8583
[+   582.7s]     观测[实验专用]: 睡脑A 休眠占比=0.0368（确认休眠 1582/43008；凋零门槛 decay≥0.10 born≥0.25）
[睡眠 32] 选拔 27 / 滞留 18  体检 4.8583 → 4.8216  lr=5.74e-05  ✓ 换班
[+   598.7s] [呼吸 S1周期19] 喂入=39条呼吸切片 状态=NORMAL 平台期=0(阶梯0/3) 参数 A=57,097,728 B=57,097,728 Σ=114,195,456 d_model=768 探测=4.8216 通过 margin=+0.0366(ε=0.001371) → 换班
[+   598.7s]     选拔=27 做梦=5 lr=5.7375457902021834e-05 阈值=1.00 记忆库=500 冷层=951 手术LR窗口=0
[+   598.7s]     M4事件: m4_redo={"recycled": {"b0.attn_out": [354], "b0.mlp_hidden": [1637, 2326, 2690, 1401, 1868], "b1.attn_out": [739], "b1.mlp_hidde…  m4_anchor_new=4.8216
[+   598.7s]     观测[实验专用]: 睡脑B 休眠占比=0.0342（确认休眠 1469/43008；凋零门槛 decay≥0.10 born≥0.25）
[睡眠 33] 选拔 27 / 滞留 19  体检 4.8216 → 4.8061  lr=5.77e-05  ✓ 换班
[+   615.0s] [呼吸 S1周期20] 喂入=39条呼吸切片 状态=NORMAL 平台期=0(阶梯0/3) 参数 A=57,097,728 B=57,097,728 Σ=114,195,456 d_model=768 探测=4.8061 通过 margin=+0.0155(ε=0.0011) → 换班
[+   615.0s]     选拔=27 做梦=5 lr=5.770943571066286e-05 阈值=1.00 记忆库=500 冷层=953 手术LR窗口=0
[+   615.0s]     M4事件: m4_redo={"recycled": {"b0.attn_out": [679], "b0.mlp_hidden": [743, 971, 1574, 517], "b1.attn_out": [725], "b1.mlp_hidden": [1447…  m4_anchor_new=4.8061
[+   615.0s]     观测[实验专用]: 睡脑A 休眠占比=0.0348（确认休眠 1497/43008；凋零门槛 decay≥0.10 born≥0.25）
[+   627.4s] [存档] → dolphin\fed_state.pt（12.4s）
[睡眠 34] 选拔 26 / 滞留 18  体检 4.8061 → 4.7666  lr=5.86e-05  ✓ 换班
[+   643.6s] [呼吸 S1周期21] 喂入=39条呼吸切片 状态=NORMAL 平台期=0(阶梯0/3) 参数 A=57,097,728 B=57,097,728 Σ=114,195,456 d_model=768 探测=4.7666 通过 margin=+0.0395(ε=0.001261) → 换班
[+   643.6s]     选拔=26 做梦=5 lr=5.861397803367916e-05 阈值=1.00 记忆库=500 冷层=957 手术LR窗口=0
[+   643.6s]     M4事件: m4_redo={"recycled": {"b0.attn_out": [360], "b0.mlp_hidden": [428, 550, 2056, 2288, 1487], "b1.attn_out": [508], "b1.mlp_hidden"…  m4_anchor_new=4.7666
[+   643.6s]     观测[实验专用]: 睡脑B 休眠占比=0.0374（确认休眠 1609/43008；凋零门槛 decay≥0.10 born≥0.25）
[睡眠 35] 选拔 27 / 滞留 18  体检 4.7666 → 4.736  lr=5.89e-05  ✓ 换班
[+   659.9s] [呼吸 S1周期22] 喂入=39条呼吸切片 状态=NORMAL 平台期=0(阶梯0/3) 参数 A=57,097,728 B=57,097,728 Σ=114,195,456 d_model=768 探测=4.736 通过 margin=+0.0305(ε=0.001945) → 换班
[+   659.9s]     选拔=27 做梦=5 lr=5.893791188156651e-05 阈值=1.00 记忆库=500 冷层=959 手术LR窗口=0
[+   659.9s]     M4事件: m4_redo={"recycled": {"b0.attn_out": [227], "b0.mlp_hidden": [1878, 167, 639, 218, 428], "b1.attn_out": [206], "b1.mlp_hidden": …  m4_anchor_new=4.736
[+   659.9s]     观测[实验专用]: 睡脑A 休眠占比=0.0355（确认休眠 1528/43008；凋零门槛 decay≥0.10 born≥0.25）
[睡眠 36] 选拔 27 / 滞留 19  体检 4.736 → 4.762  lr=5.30e-05  ✗ 作废回滚
[+   674.4s] [呼吸 S1周期23] 喂入=39条呼吸切片 状态=NORMAL 平台期=1(阶梯0/3) 参数 A=57,097,728 B=57,097,728 Σ=114,195,456 d_model=768 探测=4.762 否决 margin=-0.0260(ε=0.001408) → 回滚/未换
[+   674.4s]     选拔=27 做梦=5 lr=5.304412069340986e-05 阈值=1.00 记忆库=500 冷层=959 手术LR窗口=0
[+   674.4s]     M4事件: m4_redo={"recycled": {"b0.attn_out": [366], "b0.mlp_hidden": [1160, 2642, 381, 404, 1872], "b1.attn_out": [168], "b1.mlp_hidden"…
[+   674.4s]     观测[实验专用]: 睡脑A 休眠占比=0.0359（确认休眠 1542/43008；凋零门槛 decay≥0.10 born≥0.25）
[睡眠 37] 选拔 24 / 滞留 22  体检 4.736 → 4.7067  lr=5.84e-05  ✓ 换班
[+   690.4s] [呼吸 S1周期24] 喂入=39条呼吸切片 状态=NORMAL 平台期=0(阶梯0/3) 参数 A=57,097,728 B=57,097,728 Σ=114,195,456 d_model=768 探测=4.7067 通过 margin=+0.0294(ε=0.001775) → 换班
[+   690.4s]     选拔=24 做梦=5 lr=5.841901146028941e-05 阈值=1.00 记忆库=500 冷层=961 手术LR窗口=0
[+   690.4s]     M4事件: m4_redo={"recycled": {"b0.attn_out": [582], "b0.mlp_hidden": [1946, 2057, 1173, 2414], "b1.attn_out": [86], "b1.mlp_hidden": [13…  m4_anchor_new=4.7067
[+   690.4s]     观测[实验专用]: 睡脑B 休眠占比=0.0379（确认休眠 1632/43008；凋零门槛 decay≥0.10 born≥0.25）
[+   706.3s] [存档] → dolphin\fed_state.pt（15.9s）
[+   706.3s] [阶段1] 收兵（平台期=0 状态=NORMAL 计划待执行=False）
